// Jest Snapshot v1, https://goo.gl/fbAQLP

exports[`PatientView should render given name and ID 1`] = `
<div
  className="patient-view-container"
>
  <div>
    <div
      className="patient-view-column"
    >
       
      <img
        alt="patient"
        className="patient-img"
        src="http://www.rw-designer.com/icon-image/14771-256x256x32.png"
      />
      <h4>
        Name: 
        Name
      </h4>
      <h4>
        ID: 
        10
      </h4>
      <h4>
        Birthdate:
         23. 4. 1977
      </h4>
    </div>
    <div
      className="patient-view-column"
    />
  </div>
</div>
`;
